2026-09-13 18:07:07.156 [error] Unable to retrieve release information from known identifier paths.
2026-09-13 18:07:07.182 [info] Started initializing default profile extensions in extensions installation folder. file:///data/data/com.termux/files/home/.vscode-oss/extensions
2026-09-13 18:07:07.508 [warning] Failed to create default profile extensions manifest in extensions installation folder. file:///data/data/com.termux/files/home/.vscode-oss/extensions Unable to create file 'vscode-userdata:/data/data/com.termux/files/home/.vscode-oss/extensions/extensions.json' that already exists when overwrite flag is not set
2026-09-13 18:07:07.509 [info] Completed initializing default profile extensions in extensions installation folder. file:///data/data/com.termux/files/home/.vscode-oss/extensions
2026-09-13 18:07:21.133 [info] Getting Manifest... ms-python.python
2026-09-13 18:07:21.930 [info] Installing extension: ms-python.python {"isMachineScoped":false,"installPreReleaseVersion":false,"pinned":false,"profileLocation":{"$mid":1,"external":"vscode-userdata:/data/data/com.termux/files/home/.vscode-oss/extensions/extensions.json","path":"/data/data/com.termux/files/home/.vscode-oss/extensions/extensions.json","scheme":"vscode-userdata"},"isBuiltin":false,"isApplicationScoped":false,"productVersion":{"version":"1.131.0","date":"2026-07-28T06:40:51Z"}}
2026-09-13 18:07:22.475 [info] Getting Manifest... ms-python.debugpy
2026-09-13 18:07:22.809 [info] Getting Manifest... ms-python.vscode-python-envs
2026-09-13 18:07:23.010 [info] Installing extension: ms-python.debugpy {"isMachineScoped":false,"installPreReleaseVersion":false,"pinned":false,"profileLocation":{"$mid":1,"external":"vscode-userdata:/data/data/com.termux/files/home/.vscode-oss/extensions/extensions.json","path":"/data/data/com.termux/files/home/.vscode-oss/extensions/extensions.json","scheme":"vscode-userdata"},"isBuiltin":false,"isApplicationScoped":false,"productVersion":{"version":"1.131.0","date":"2026-07-28T06:40:51Z"},"installGivenVersion":false,"context":{"dependecyOrPackExtensionInstall":true}}
2026-09-13 18:07:23.013 [info] Installing extension: ms-python.vscode-python-envs {"isMachineScoped":false,"installPreReleaseVersion":false,"pinned":false,"profileLocation":{"$mid":1,"external":"vscode-userdata:/data/data/com.termux/files/home/.vscode-oss/extensions/extensions.json","path":"/data/data/com.termux/files/home/.vscode-oss/extensions/extensions.json","scheme":"vscode-userdata"},"isBuiltin":false,"isApplicationScoped":false,"productVersion":{"version":"1.131.0","date":"2026-07-28T06:40:51Z"},"installGivenVersion":false,"context":{"dependecyOrPackExtensionInstall":true}}
2026-09-13 18:07:26.369 [info] Extension signature verification result for ms-python.vscode-python-envs: Success. Executed: true. Duration: 1056ms.
2026-09-13 18:07:26.736 [info] Extension signature verification result for ms-python.debugpy: Success. Executed: true. Duration: 1025ms.
2026-09-13 18:07:26.880 [info] Extracted extension to file:///data/data/com.termux/files/home/.vscode-oss/extensions/ms-python.vscode-python-envs-1.36.0-universal: ms-python.vscode-python-envs
2026-09-13 18:07:26.916 [info] Renamed to /data/data/com.termux/files/home/.vscode-oss/extensions/ms-python.vscode-python-envs-1.36.0-universal
2026-09-13 18:07:27.996 [info] Extension signature verification result for ms-python.python: Success. Executed: true. Duration: 2619ms.
2026-09-13 18:07:28.247 [info] Extracted extension to file:///data/data/com.termux/files/home/.vscode-oss/extensions/ms-python.debugpy-2026.6.0-linux-arm64: ms-python.debugpy
2026-09-13 18:07:28.319 [info] Renamed to /data/data/com.termux/files/home/.vscode-oss/extensions/ms-python.debugpy-2026.6.0-linux-arm64
2026-09-13 18:07:33.880 [info] Extracted extension to file:///data/data/com.termux/files/home/.vscode-oss/extensions/ms-python.python-2026.4.0-universal: ms-python.python
2026-09-13 18:07:34.118 [info] Renamed to /data/data/com.termux/files/home/.vscode-oss/extensions/ms-python.python-2026.4.0-universal
2026-09-13 18:07:34.176 [info] Extension installed successfully: ms-python.vscode-python-envs vscode-userdata:/data/data/com.termux/files/home/.vscode-oss/extensions/extensions.json
2026-09-13 18:07:34.176 [info] Extension installed successfully: ms-python.debugpy vscode-userdata:/data/data/com.termux/files/home/.vscode-oss/extensions/extensions.json
2026-09-13 18:07:34.177 [info] Extension installed successfully: ms-python.python vscode-userdata:/data/data/com.termux/files/home/.vscode-oss/extensions/extensions.json
2026-09-13 18:08:14.602 [info] Getting Manifest... catppuccin.catppuccin-vsc
2026-09-13 18:08:15.364 [info] Installing extension: catppuccin.catppuccin-vsc {"isMachineScoped":false,"installPreReleaseVersion":false,"pinned":false,"profileLocation":{"$mid":1,"external":"vscode-userdata:/data/data/com.termux/files/home/.vscode-oss/extensions/extensions.json","path":"/data/data/com.termux/files/home/.vscode-oss/extensions/extensions.json","scheme":"vscode-userdata"},"isBuiltin":false,"isApplicationScoped":false,"productVersion":{"version":"1.131.0","date":"2026-07-28T06:40:51Z"}}
2026-09-13 18:08:16.830 [info] Extension signature verification result for catppuccin.catppuccin-vsc: Success. Executed: true. Duration: 438ms.
2026-09-13 18:08:16.885 [info] Extracted extension to file:///data/data/com.termux/files/home/.vscode-oss/extensions/catppuccin.catppuccin-vsc-3.19.0-universal: catppuccin.catppuccin-vsc
2026-09-13 18:08:16.896 [info] Renamed to /data/data/com.termux/files/home/.vscode-oss/extensions/catppuccin.catppuccin-vsc-3.19.0-universal
2026-09-13 18:08:16.939 [info] Extension installed successfully: catppuccin.catppuccin-vsc vscode-userdata:/data/data/com.termux/files/home/.vscode-oss/extensions/extensions.json
2026-09-13 18:08:25.841 [info] Getting Manifest... catppuccin.catppuccin-vsc-icons
2026-09-13 18:08:26.491 [info] Installing extension: catppuccin.catppuccin-vsc-icons {"isMachineScoped":false,"installPreReleaseVersion":false,"pinned":false,"profileLocation":{"$mid":1,"external":"vscode-userdata:/data/data/com.termux/files/home/.vscode-oss/extensions/extensions.json","path":"/data/data/com.termux/files/home/.vscode-oss/extensions/extensions.json","scheme":"vscode-userdata"},"isBuiltin":false,"isApplicationScoped":false,"productVersion":{"version":"1.131.0","date":"2026-07-28T06:40:51Z"}}
2026-09-13 18:08:30.625 [info] Extension signature verification result for catppuccin.catppuccin-vsc-icons: Success. Executed: true. Duration: 2772ms.
2026-09-13 18:08:48.462 [info] Extracted extension to file:///data/data/com.termux/files/home/.vscode-oss/extensions/catppuccin.catppuccin-vsc-icons-1.26.0-universal: catppuccin.catppuccin-vsc-icons
2026-09-13 18:08:48.691 [info] Renamed to /data/data/com.termux/files/home/.vscode-oss/extensions/catppuccin.catppuccin-vsc-icons-1.26.0-universal
2026-09-13 18:08:48.763 [info] Extension installed successfully: catppuccin.catppuccin-vsc-icons vscode-userdata:/data/data/com.termux/files/home/.vscode-oss/extensions/extensions.json
2026-09-13 18:09:17.551 [info] Getting Manifest... ms-ceintl.vscode-language-pack-de
2026-09-13 18:09:18.264 [info] Installing extension: ms-ceintl.vscode-language-pack-de {"isMachineScoped":false,"installPreReleaseVersion":false,"pinned":false,"profileLocation":{"$mid":1,"external":"vscode-userdata:/data/data/com.termux/files/home/.vscode-oss/extensions/extensions.json","path":"/data/data/com.termux/files/home/.vscode-oss/extensions/extensions.json","scheme":"vscode-userdata"},"isBuiltin":false,"isApplicationScoped":true,"productVersion":{"version":"1.131.0","date":"2026-07-28T06:40:51Z"}}
2026-09-13 18:09:19.582 [info] Extension signature verification result for ms-ceintl.vscode-language-pack-de: Success. Executed: true. Duration: 292ms.
2026-09-13 18:09:20.233 [info] Extracted extension to file:///data/data/com.termux/files/home/.vscode-oss/extensions/ms-ceintl.vscode-language-pack-de-1.131.0-universal: ms-ceintl.vscode-language-pack-de
2026-09-13 18:09:20.267 [info] Renamed to /data/data/com.termux/files/home/.vscode-oss/extensions/ms-ceintl.vscode-language-pack-de-1.131.0-universal
2026-09-13 18:09:20.345 [info] Adding language packs from the extension ms-ceintl.vscode-language-pack-de
2026-09-13 18:09:20.458 [info] Extension installed successfully: ms-ceintl.vscode-language-pack-de vscode-userdata:/data/data/com.termux/files/home/.vscode-oss/extensions/extensions.json
